Starting Meta-Reflection Module Test...
{"timestamp":"2026-02-18T23:18:10.188Z","action":"ENGINE_INIT","level":"INFO","message":"Core Engine initialized successfully"}
{"timestamp":"2026-02-18T23:18:10.193Z","action":"AGENT_REGISTERED","level":"INFO","message":"Agent expert-coder registered with domains: coding","agentId":"expert-coder","domainLabels":["coding"],"apiEndpoint":"http://coder/task","skillScores":{"coding":9}}
{"timestamp":"2026-02-18T23:18:10.194Z","action":"AGENT_REGISTRATION_FAILED","level":"ERROR","message":"Agent validation failed","error":{"errors":["Invalid domain label: \"writing\". Valid domains are: research, data-collection, analysis, logic, coding, creative-writing, optimization, translation, summarization."],"metadata":{"id":"junior-trainee","domainLabels":["coding","writing"],"skillScores":{"coding":3,"writing":4},"apiEndpoint":"http://trainee/task","performanceData":{"tasksCompleted":2,"successRate":0.5,"domains":{"coding":{"tasksCompleted":1,"successRate":0.5,"uncertainty":0.5,"confidence":0.4},"writing":{"tasksCompleted":1,"successRate":0.5,"uncertainty":0.5,"confidence":0.4}}}}}}
node : Test Suite Failed: 
Error: Invalid Agent 
Registration: Invalid 
domain label: "writing". 
Valid domains are: 
research, data-collection, 
analysis, logic, coding, 
creative-writing, 
optimization, translation, 
summarization.
At line:1 char:1
+ node tests/test_meta_refle
ction.js > test_output.txt 
2>&1
+ ~~~~~~~~~~~~~~~~~~~~~~~~~~
~~~~~~~~~~~~~~~~~~~~~~~~~~~~
~~~
    + CategoryInfo          
    : NotSpecified: (Test   
  Suite Fail... summariza   
 tion.:String) [], Remot    
eException
    + FullyQualifiedErrorId 
    : NativeCommandError
 
    at 
CoreEngine.registerAgent (fi
le:///C:/Users/galan/LOC/src
/engine/CoreEngine.js:93:19)
    at testMetaReflection (f
ile:///C:/Users/galan/LOC/te
sts/test_meta_reflection.js:
23:12)
    at file:///C:/Users/gala
n/LOC/tests/test_meta_reflec
tion.js:138:1
    at ModuleJob.run (node:i
nternal/modules/esm/module_j
ob:343:25)
    at async onImport.traceP
romise.__proto__ (node:inter
nal/modules/esm/loader:665:2
6)
    at async asyncRunEntryPo
intWithESMLoader (node:inter
nal/modules/run_main:117:5)
